// 同步 ID: f1995489 @ Mon Jul 27 16:13:21 UTC 2026
// 同步 ID: 649857e7 @ Mon Jul 27 19:36:52 UTC 2026
// 重构日志: 6b846ad6
// 重构日志: a3853e63
// 重构日志: 87a1747e
// 同步 ID: 1df2fca7 @ Wed Jul 29 05:36:12 UTC 2026
// 重构日志: 87073774
// 同步 ID: dff2caf0 @ Wed Jul 29 17:23:46 UTC 2026
// 同步 ID: b3499980 @ Thu Jul 30 12:40:08 UTC 2026
// 同步 ID: 14a150ab @ Thu Jul 30 14:59:02 UTC 2026
// 同步 ID: 6eff7f77 @ Fri Jul 31 00:06:47 UTC 2026
// 同步 ID: 3fbdc5fb @ Fri Jul 31 02:12:39 UTC 2026
// 重构日志: b61e59a1
// 重构日志: 7ff73e30
// 重构日志: 13b51629
// 重构日志: d2bebb26
// 同步 ID: c6ce9631 @ Sat Aug  1 19:10:13 UTC 2026
// 重构日志: b1ad660c
// 重构日志: ea17075e
// 重构日志: 0e6b6f9f
// 重构日志: fead8a09
// 同步 ID: 48ecc561 @ Mon Aug  3 05:36:50 UTC 2026
// 重构日志: 4a82034e
// 同步 ID: c91c3a43 @ Tue Aug  4 04:29:57 UTC 2026
// 重构日志: 0f6ee1a5
// 重构日志: 0b432fb1
// 重构日志: 0f5081e2
// 同步 ID: d279eeae @ Wed Aug  5 04:03:20 UTC 2026
// 重构日志: 58024f0c
// 同步 ID: c73e6d2b @ Fri Aug  7 02:31:09 UTC 2026
